This is a test log line with ERROR inside
This is a warning line
Normal line
